Menu:
	r to find a route
	b to see a list of all buildings
	q to quit

Enter an option ('m' to see the menu): # finding a path where one building is not in the MapPath

Abbreviated name of starting building: Abbreviated name of ending building: Unknown building: NOTBUILD

Enter an option ('m' to see the menu): 